[Distribution note: local build paths shortened; diagnostics and results preserved.]
Building for production...
[0/4] Write sources
[1/4] Write swift-version--5D8278C139DD3AD0.txt
[3/5] Compiling LuminaPreview BoardView.swift
<project>/App/LuminaApp.swift:14:18: warning: 'onChange(of:perform:)' was deprecated in macOS 14.0: Use `onChange` with a two or zero parameter action closure instead.
12 |                 .preferredColorScheme(model.settings.appearance == .system ? nil : model.settings.appearance == .dark ? .dark : .light)
13 |                 .task { await model.load() }
14 |                 .onChange(of: scenePhase) { phase in
   |                  `- warning: 'onChange(of:perform:)' was deprecated in macOS 14.0: Use `onChange` with a two or zero parameter action closure instead.
15 |                     if phase != .active { model.suspend() }
16 |                 }

<project>/App/NativeGameView.swift:31:14: warning: 'onChange(of:perform:)' was deprecated in macOS 14.0: Use `onChange` with a two or zero parameter action closure instead.
 29 |         }.tint(Atelier.accent).foregroundStyle(scheme == .dark ? Color(hex: 0xEEF3F0) : Color(hex: 0x28352F))
 30 |             .onAppear { model.motionReduced = reduceMotion }
 31 |             .onChange(of: reduceMotion) { model.motionReduced = $0 }
    |              `- warning: 'onChange(of:perform:)' was deprecated in macOS 14.0: Use `onChange` with a two or zero parameter action closure instead.
 32 |             .sheet(item: $model.sheet) { sheet in
 33 |                 SheetHost(model: model, sheet: sheet).presentationDetents([.large]).presentationDragIndicator(.visible)

<project>/App/Sheets.swift:119:11: warning: 'onChange(of:perform:)' was deprecated in macOS 14.0: Use `onChange` with a two or zero parameter action closure instead.
117 |                 Text("离线游玩。无需登录，没有广告。\n为 iPhone 与 iPad 设计。").font(.subheadline).foregroundStyle(.secondary)
118 |             }
119 |         }.onChange(of: model.settings) { _ in model.settingsChanged() }
    |           `- warning: 'onChange(of:perform:)' was deprecated in macOS 14.0: Use `onChange` with a two or zero parameter action closure instead.
120 |             .fileExporter(isPresented: $exporting, document: document, contentType: .json, defaultFilename: "LUMINA-\(Rules.dateToken()).json") { result in if case .failure(let e) = result { error = e.localizedDescription } }
121 |             .fileImporter(isPresented: $importing, allowedContentTypes: [.json]) { result in

<project>/App/Sheets.swift:155:11: warning: 'onChange(of:perform:)' was deprecated in macOS 14.0: Use `onChange` with a two or zero parameter action closure instead.
153 |                 Text("过关前查看转机路线，会将本次挑战记为辅助局。").font(.caption).foregroundStyle(.tertiary)
154 |             }.padding(24).frame(maxWidth: 520).frame(maxWidth: .infinity)
155 |         }.onChange(of: alternative) { _ in step = 0 }
    |           `- warning: 'onChange(of:perform:)' was deprecated in macOS 14.0: Use `onChange` with a two or zero parameter action closure instead.
156 |     }
157 | }
[3/6] Write Objects.LinkFileList
[4/6] Linking LuminaPreview
[6/7] Compiling LuminaAppTests AppTests.swift
[6/8] Write Objects.LinkFileList
[7/8] Linking LuminaPackageTests
Build complete! (5.89s)
◇ Test run started.
↳ Testing Library Version: 124.4
↳ Target Platform: arm64e-apple-macos14.0
◇ Suite "Native interaction lifecycle" started.
◇ Test renderNativeLayouts() started.
✔ Test renderNativeLayouts() passed after 0.989 seconds.
✔ Suite "Native interaction lifecycle" passed after 0.989 seconds.
✔ Test run with 1 test passed after 0.989 seconds.
